---
source: crates/strand-compiler/tests/checker.rs
expression: rendered
---
check::unknown_param

  × unknown prop `dens`
   ╭─[component_args.strand:8:15]
 7 │     Toast n { dense: true }
 8 │     Toast n { dens: true }
   ·               ──┬─
   ·                 ╰── `Toast` has no parameter `dens`
 9 │     Toast
   ╰────
  help: did you mean `dense`?

check::missing_arg

  × `Toast` needs `n`
    ╭─[component_args.strand:9:5]
  8 │     Toast n { dens: true }
  9 │     Toast
    ·     ──┬──
    ·       ╰── missing argument
 10 │   }
    ╰────
  help: pass the first one after the name (`Toast value`), the others in the block (`{ name:
        value }`)

fix [check::unknown_param] component_args.strand: `dens` -> `dense`
