---
source: crates/strand-compiler/tests/checker.rs
expression: rendered
---
check::unknown_token

  × `override spcae` overrides nothing
   ╭─[misspelt_override.strand:5:12]
 4 │ tokens compact extends base {
 5 │   override spcae { 1: 2px }
   ·            ──┬──
   ·              ╰── no such token group
 6 │   override fg.mutde: $fg.alpha(0.5)
   ╰────
  help: did you mean `space`?

check::unknown_token

  × `override fg.mutde` overrides nothing
   ╭─[misspelt_override.strand:6:12]
 5 │   override spcae { 1: 2px }
 6 │   override fg.mutde: $fg.alpha(0.5)
   ·            ────┬───
   ·                ╰── no such token
 7 │ }
   ╰────
  help: did you mean `fg.muted`?

check::unknown_token

  × `override Toast.raduis` overrides nothing
   ╭─[misspelt_override.strand:9:25]
 8 │ component Toast(n: int) tokens { radius: $radius.lg } { col { radius: $Toast.radius } }
 9 │ tokens extra { override Toast.raduis: 3px }
   ·                         ──────┬─────
   ·                               ╰── no such token
   ╰────
  help: did you mean `Toast.radius`?

fix [check::unknown_token] misspelt_override.strand: `spcae` -> `space`
fix [check::unknown_token] misspelt_override.strand: `fg.mutde` -> `fg.muted`
fix [check::unknown_token] misspelt_override.strand: `Toast.raduis` -> `Toast.radius`
