---
source: crates/strand-compiler/tests/checker.rs
expression: rendered
---
check::type_mismatch

  × shader uniform `u_name` takes a number, length, angle, duration or colour, or a comma vector
  │ of them
   ╭─[uniform.strand:6:78]
 5 │ component Glow {
 6 │   shader "aurora.wgsl" { u_speed: 0.4; u_dir: 1, 0; u_tint: $accent; u_name: "aurora"; u_on: true; u_v: 1, 2, 3, 4, 5; u_x: [1, 2] }
   ·                                                                              ────┬───
   ·                                                                                  ╰── this is `text`
 7 │ }
   ╰────

check::type_mismatch

  × shader uniform `u_on` takes a number, length, angle, duration or colour, or a comma vector of
  │ them
   ╭─[uniform.strand:6:94]
 5 │ component Glow {
 6 │   shader "aurora.wgsl" { u_speed: 0.4; u_dir: 1, 0; u_tint: $accent; u_name: "aurora"; u_on: true; u_v: 1, 2, 3, 4, 5; u_x: [1, 2] }
   ·                                                                                              ──┬─
   ·                                                                                                ╰── this is `bool`
 7 │ }
   ╰────

check::type_mismatch

  × a shader uniform vector has 2 to 4 components
   ╭─[uniform.strand:6:105]
 5 │ component Glow {
 6 │   shader "aurora.wgsl" { u_speed: 0.4; u_dir: 1, 0; u_tint: $accent; u_name: "aurora"; u_on: true; u_v: 1, 2, 3, 4, 5; u_x: [1, 2] }
   ·                                                                                                         ──────┬──────
   ·                                                                                                               ╰── 5 values here
 7 │ }
   ╰────
  help: write a WGSL `vec2` to `vec4` as comma values (`u_dir: 1, 0`); pass more data as several
        uniforms

check::type_mismatch

  × a shader uniform vector has 2 to 4 components
   ╭─[uniform.strand:6:125]
 5 │ component Glow {
 6 │   shader "aurora.wgsl" { u_speed: 0.4; u_dir: 1, 0; u_tint: $accent; u_name: "aurora"; u_on: true; u_v: 1, 2, 3, 4, 5; u_x: [1, 2] }
   ·                                                                                                                             ───┬──
   ·                                                                                                                                ╰── a list, not comma values, here
 7 │ }
   ╰────
  help: write a WGSL `vec2` to `vec4` as comma values (`u_dir: 1, 0`); pass more data as several
        uniforms
