---
source: crates/strand-compiler/tests/checker.rs
expression: rendered
---
check::async

  × `palette` expects `Palette`, but this may still be loading
   ╭─[async_value.strand:6:24]
 5 │ let art = material(image: prefs.wallpaper)
 6 │ let palette: Palette = art
   ·                        ─┬─
   ·                         ╰── this is `Async<Palette>`
 7 │ let fine: Palette = art ?? material(seed: $accent)
   ╰────
  help: give a value for while it loads or fails: `… ?? fallback`

check::async

  × `apps.search(…)` may still be loading
   ╭─[async_value.strand:8:13]
 7 │ let fine: Palette = art ?? material(seed: $accent)
 8 │ let title = apps.search("x").first
   ·             ────────┬───────
   ·                     ╰── this is `Async<[Hit]>`
 9 │ // Element reads forget the loading state; list transforms keep it, so a
   ╰────
  help: read `.value` (null while loading) or give a fallback: `… ?? fallback`

check::async

  × `top` expects `[Hit]`, but this may still be loading
    ╭─[async_value.strand:13:18]
 12 │ let hits = apps.search(q)
 13 │ let top: [Hit] = hits.take(3)
    ·                  ──────┬─────
    ·                        ╰── this is `Async<[Hit]>`
 14 │ let fine_top: [Hit] = hits.take(3) ?? []
    ╰────
  help: give a value for while it loads or fails: `… ?? fallback`

check::async

  × `parts` of `join` cannot take a value that may still be loading
    ╭─[async_value.strand:15:24]
 14 │ let fine_top: [Hit] = hits.take(3) ?? []
 15 │ let names = join(", ", apps.search(q))
    ·                        ───────┬──────
    ·                               ╰── this is `Async<[Hit]>`
 16 │ component Count {
    ╰────
  help: give a value for while it loads or fails: `… ?? fallback`

check::async

  × this `Async<()>` is dropped
    ╭─[async_value.strand:22:35]
 21 │ // A handler that drops an `Async` almost always meant to wait for it.
 22 │ component Wait { box { on click { sleep(1s); apps.search(q) } } }
    ·                                   ────┬────
    ·                                       ╰── never awaited or kept
    ╰────
  help: `await` it, or assign the result

check::async

  × this `Async<[Hit]>` is dropped
    ╭─[async_value.strand:22:46]
 21 │ // A handler that drops an `Async` almost always meant to wait for it.
 22 │ component Wait { box { on click { sleep(1s); apps.search(q) } } }
    ·                                              ───────┬──────
    ·                                                     ╰── never awaited or kept
    ╰────
  help: `await` it, or assign the result
