---
source: crates/strand-compiler/tests/checker.rs
expression: rendered
---
check::unknown_name

  × unknown name `volum`
   ╭─[unknown_name.strand:7:21]
 6 │ state open = false
 7 │ let label = kind == volum ? "volume" : "brightness"
   ·                     ──┬──
   ·                       ╰── not a name, nor a variant of `Kind`
 8 │ let shown = opn && kind == brightness
   ╰────
  help: did you mean `volume`?

check::unknown_name

  × unknown name `opn`
   ╭─[unknown_name.strand:8:13]
 7 │ let label = kind == volum ? "volume" : "brightness"
 8 │ let shown = opn && kind == brightness
   ·             ─┬─
   ·              ╰── not found
 9 │ // The expected enum's variants come first, so `tp` is `top`, never the
   ╰────
  help: did you mean `open`?

check::unknown_name

  × unknown name `tp`
    ╭─[unknown_name.strand:11:17]
 10 │ // one-letter time value `t`.
 11 │ bar Top { edge: tp }
    ·                 ─┬
    ·                  ╰── not a name, nor a variant of `Edge`
 12 │ keyframes shake { 0%, 100% { x: 0 }; 50% { x: 4 } }
    ╰────
  help: did you mean `top`?

check::unknown_name

  × unknown name `shak`
    ╭─[unknown_name.strand:13:42]
 12 │ keyframes shake { 0%, 100% { x: 0 }; 50% { x: 4 } }
 13 │ component Shaker { box { on click { play shak } } }
    ·                                          ──┬─
    ·                                            ╰── not found
 14 │ // Another file's export is offered by its path.
    ╰────
  help: did you mean `shake`?

check::unknown_name

  × unknown name `dnd`
    ╭─[unknown_name.strand:15:13]
 14 │ // Another file's export is offered by its path.
 15 │ let quiet = dnd
    ·             ─┬─
    ·              ╰── not found
    ╰────
  help: did you mean `toasts.dnd`?

fix [check::unknown_name] unknown_name.strand: `volum` -> `volume`
fix [check::unknown_name] unknown_name.strand: `opn` -> `open`
fix [check::unknown_name] unknown_name.strand: `tp` -> `top`
fix [check::unknown_name] unknown_name.strand: `shak` -> `shake`
fix [check::unknown_name] unknown_name.strand: `dnd` -> `toasts.dnd`
