---
source: crates/strand-compiler/tests/checker.rs
expression: rendered
---
check::shadows_builtin

  ⚠ this `let` hides the builtin service `battery`
   ╭─[shadow_builtin.strand:6:5]
 5 │ // far away.
 6 │ let battery = 5
   ·     ───┬───
   ·        ╰── shadows a service
 7 │ state clock = 0
   ╰────
  help: rename the `let`: in its scope `battery` no longer reads the service

check::shadows_builtin

  ⚠ this `state` hides the builtin service `clock`
   ╭─[shadow_builtin.strand:7:7]
 6 │ let battery = 5
 7 │ state clock = 0
   ·       ──┬──
   ·         ╰── shadows a service
 8 │ component C(audio: float) {
   ╰────
  help: rename the `state`: in its scope `clock` no longer reads the service

check::shadows_builtin

  ⚠ this parameter hides the builtin service `audio`
   ╭─[shadow_builtin.strand:8:13]
 7 │ state clock = 0
 8 │ component C(audio: float) {
   ·             ──┬──
   ·               ╰── shadows a service
 9 │   let media = 1
   ╰────
  help: rename the parameter: in its scope `audio` no longer reads the service

check::shadows_builtin

  ⚠ this `let` hides the builtin service `media`
    ╭─[shadow_builtin.strand:9:7]
  8 │ component C(audio: float) {
  9 │   let media = 1
    ·       ──┬──
    ·         ╰── shadows a service
 10 │   box { on click { let wm = 2 } }
    ╰────
  help: rename the `let`: in its scope `media` no longer reads the service

check::shadows_builtin

  ⚠ this `let` hides the builtin service `wm`
    ╭─[shadow_builtin.strand:10:24]
  9 │   let media = 1
 10 │   box { on click { let wm = 2 } }
    ·                        ─┬
    ·                         ╰── shadows a service
 11 │ }
    ╰────
  help: rename the `let`: in its scope `wm` no longer reads the service

check::shadows_builtin

  ⚠ this `fn` hides the builtin service `notifications`
    ╭─[shadow_builtin.strand:12:4]
 11 │ }
 12 │ fn notifications(x: float) -> float { x }
    ·    ──────┬──────
    ·          ╰── shadows a service
 13 │ // Calling a parameter that hides a builtin function names the builtin.
    ╰────
  help: rename the `fn`: in its scope `notifications` no longer reads the service

check::type_mismatch

  × `blur` here is a `length`, not a function
    ╭─[shadow_builtin.strand:15:14]
 14 │ component Card(blur: length = 24) {
 15 │   let soft = blur(16)
    ·              ──┬─
    ·                ╰── cannot be called
 16 │   box { width: blur }
    ╰────
  help: `blur` in scope hides the builtin `blur`; rename it to call the builtin
