---
source: crates/strand-compiler/tests/checker.rs
expression: rendered
---
check::redeclared

  × `Dot` is declared twice
   ╭─[widgets.strand:1:11]
 1 │ component Dot { box { size: 6 } }
   ·           ─┬─
   ·            ╰── declared again here
 2 │ state x = 1
   ╰────
  help: rename one: component, type and other global names are shared by every file of the config

Error: 
  × see also bar.strand
   ╭─[bar.strand:1:11]
 1 │ component Dot { box { size: 8 } }
   ·           ─┬─
   ·            ╰── first declared here
 2 │ enum Kind { a, b }
   ╰────

check::redeclared

  × `x` is declared twice
   ╭─[widgets.strand:3:7]
 1 │ component Dot { box { size: 6 } }
 2 │ state x = 1
   ·       ┬
   ·       ╰── first declared here
 3 │ state x = 2
   ·       ┬
   ·       ╰── declared again here
 4 │ // A handler `let` twice in one block, and a prop set twice in one element.
   ╰────
  help: rename one of them

check::redeclared

  × `value` is set twice
   ╭─[widgets.strand:6:24]
 5 │ component Twice {
 6 │   slider { value: 0.5; value: 0.3
   ·            ──┬──       ──┬──
   ·              │           ╰── set again here
   ·              ╰── first set here
 7 │     on click { let x = 4; let y = x; let x = 5 }
   ╰────
  help: keep one of them

check::redeclared

  × `x` is declared twice
   ╭─[widgets.strand:7:42]
 6 │   slider { value: 0.5; value: 0.3
 7 │     on click { let x = 4; let y = x; let x = 5 }
   ·                    ┬                     ┬
   ·                    │                     ╰── declared again here
   ·                    ╰── first declared here
 8 │   }
   ╰────
  help: rename one of them

check::redeclared

  × `value` is set twice
    ╭─[widgets.strand:12:15]
 11 │ component Both {
 12 │   meter 0.5 { value: 0.7 }
    ·         ─┬─   ──┬──
    ·          │      ╰── set again here
    ·          ╰── the positional value is `meter`'s `value`
 13 │   box { when hover { bg: $accent; bg: $error } }
    ╰────
  help: `meter` takes its value positionally: keep one of them

check::redeclared

  × `bg` is set twice
    ╭─[widgets.strand:13:35]
 12 │   meter 0.5 { value: 0.7 }
 13 │   box { when hover { bg: $accent; bg: $error } }
    ·                      ─┬           ─┬
    ·                       │            ╰── set again here
    ·                       ╰── first set here
 14 │ }
    ╰────
  help: keep one of them
