---
source: crates/strand-compiler/tests/checker.rs
expression: rendered
---
check::cycle

  × static cycle: `a` → `b` → `c` → `a`
   ╭─[cycle_let.strand:5:9]
 2 │ // A static cycle names its path.
 3 │ let a = b + 1
   ·     ┬
   ·     ╰── the let `a`
 4 │ let b = c * 2
 5 │ let c = a - 1
   ·         ┬
   ·         ╰── this reads `a` while computing it
   ╰────
  help: a value cannot depend on itself; break the loop with a `state`
