---
source: crates/strand-compiler/tests/checker.rs
expression: rendered
---
check::cycle

  × static cycle: `$surface.hi` → `$fg.muted` → `$surface.hi`
   ╭─[cycle_token.strand:5:15]
 4 │   surface.hi: $surface.mix($fg.muted, 8%)
 5 │   fg.muted:   $surface.hi.alpha(0.65)
   ·               ─────┬─────
   ·                    ╰── `$surface.hi` depends on itself
 6 │ }
   ╰────
  help: derived tokens must bottom out in the palette or a value
