---
source: crates/strand-compiler/tests/checker.rs
expression: rendered
---
check::read_only

  × cannot assign `percent`: `battery` does not mark it `rw`
   ╭─[read_only.strand:5:16]
 4 │   box {
 5 │     on click { battery.percent = 1 }
   ·                ───────┬───────
   ·                       ╰── read-only
 6 │     on scroll(dy) { audio.sink.volume -= dy * 0.05 }
   ╰────
  help: only `state`, settings fields and `rw` service fields can be written

check::read_only

  × cannot assign the whole settings record `prefs`
    ╭─[read_only.strand:11:36]
 10 │ state prefs from "~/.config/strand/prefs.toml" { accent: color = #7aa2f7; compact: bool = false }
 11 │ component Reset { box { on click { prefs = prefs } } }
    ·                                    ──┬──
    ·                                      ╰── a settings file
 12 │ // An `rw` field reached through neither its service, an item of a
    ╰────
  help: assign a field: `prefs.accent = …`

check::read_only

  × cannot assign `compact` here: it is not reached from a `state`, a service or an item of a
  │ service's list
    ╭─[read_only.strand:14:50]
 13 │ // service's keyed list, nor `state` has nothing to write to.
 14 │ component Copy { box { on click { let p = prefs; p.compact = true } } }
    ·                                                  ────┬────
    ·                                                      ╰── nothing to write to
    ╰────
  help: write it where it lives: `prefs.compact = …`, `audio.sink.volume = …`, or `s.volume = …`
        for `s` in `audio.sinks`
