---
source: crates/strand-compiler/tests/instantiate.rs
expression: shell.scene.render()
---
bar height=32 edge=top screens="Mock | DP-1 | Display" name="Top"
  split
    start
      text text="strand — design.md"
    center
      text text="09:41"
    end
      text text="42%"
bar height=32 edge=top screens="Mock | HDMI-A-1 | Display" name="Top"
  split
    start
      text text="strand — design.md"
    center
      text text="09:41"
    end
      text text="42%"
